F
================================== FAILURES ===================================
__ test_setup_runs_cleanly_and_a_spawned_ship_survives_the_scenario_duration __

fixturefunc = <function universe_seeded_with at 0x0000026cbaf69430>
request = <FixtureRequest for <Function test_setup_runs_cleanly_and_a_spawned_ship_survives_the_scenario_duration>>
kwargs = {'seed': 20260918, 'world': <conftest.World object at 0x0000026cbaf7cad0>}

    def call_fixture_func(
        fixturefunc: _FixtureFunc[FixtureValue], request: FixtureRequest, kwargs
    ) -> FixtureValue:
        if inspect.isgeneratorfunction(fixturefunc):
            fixturefunc = cast(Callable[..., Generator[FixtureValue]], fixturefunc)
            generator = fixturefunc(**kwargs)
            try:
                fixture_result = next(generator)
            except StopIteration:
                raise ValueError(f"{request.fixturename} did not yield a value") from None
            finalizer = functools.partial(_teardown_yield_fixture, fixturefunc, generator)
            request.addfinalizer(finalizer)
        else:
            fixturefunc = cast(Callable[..., FixtureValue], fixturefunc)
>           fixture_result = fixturefunc(**kwargs)
                             ^^^^^^^^^^^^^^^^^^^^^

../../../scoop/apps/msys2/2025-12-13/ucrt64/lib/python3.14/site-packages/_pytest/fixtures.py:1005: 
_ _ _ _ _ _ _ _ _ _ _ _ _ _ _ _ _ _ _ _ _ _ _ _ _ _ _ _ _ _ _ _ _ _ _ _ _ _ _ _
upstream/oolite/tests/component/steps/world_steps.py:91: in universe_seeded_with
    removed = world.console.evaluate_int(
upstream/oolite/tests/component/console.py:260: in evaluate_int
    value = self.evaluate(js, timeout=timeout).strip()
            ^^^^^^^^^^^^^^^^^^^^^^^^^^^^^^^^^^
upstream/oolite/tests/component/console.py:234: in evaluate
    self.perform(
upstream/oolite/tests/component/console.py:208: in perform
    self._send({PACKET_TYPE_KEY: PERFORM_COMMAND, MESSAGE_KEY: js})
_ _ _ _ _ _ _ _ _ _ _ _ _ _ _ _ _ _ _ _ _ _ _ _ _ _ _ _ _ _ _ _ _ _ _ _ _ _ _ _

self = <console.DebugConsole object at 0x0000026cbaf7cc20>
packet = {'packet type': 'Perform Command', 'message': 'debugConsole.consoleMessage("command-result", "@@14992-8563" + "550025@...s[i].remove(); n++; } } return n; })()); } catch (e) { return \'ERROR: \' + e; } })() + "@@14992-8563" + "550025@@");'}

    def _send(self, packet):
        data = plistlib.dumps(packet, fmt=plistlib.FMT_XML)
>       self._conn.sendall(struct.pack(">I", len(data)) + data)
E       ConnectionResetError: [WinError 10054] An existing connection was forcibly closed by the remote host

upstream/oolite/tests/component/console.py:270: ConnectionResetError
---------------------------- Captured stderr call -----------------------------
[*] desktop lock: held by DESKTOP-DNENHGI:component14992 at C:/Users/jon/AppData/Local/Temp/oolite-gui-desktop.lock
-------------------------- Captured stderr teardown ---------------------------
[*] desktop lock: released by DESKTOP-DNENHGI:component14992
=========================== short test summary info ===========================
FAILED upstream/oolite/tests/component/test_s6_damaged_ship_flees.py::test_setup_runs_cleanly_and_a_spawned_ship_survives_the_scenario_duration
!!!!!!!!!!!!!!!!!!!!!!!!!! stopping after 1 failures !!!!!!!!!!!!!!!!!!!!!!!!!!
1 failed, 1 deselected in 22.73s
