==> tier-b (windows-x64, flavour test, budget 1200s, --fast)
    repo      C:/Users/jon/OoliteMigration/.worktrees/oo-f7w
    run root  C:/Users/jon/scoop/apps/msys2/2025-12-13/tmp/tier-b-558447-AXBCDp

==> [guardrails] tools/guardrails.sh (goldens, suppression, tests, deny-list)
    guardrails: base c0aadc5d0131cda33a6bab5562ee383aa85aaf74 (c0aadc5)
    guardrails: deny-list: 18 patterns, canary scores 2
    guardrails: tests: classifier matches 315 tracked test files
    stage guardrails ok in 21s

==> [build] SKIPPED (--fast): accept.sh replays this in a checkout with no build (bead oo-ae9)
    using the shared build at C:/Users/jon/OoliteMigration/.worktrees/oo-9n2k/upstream/oolite/build/meson_test/oolite.app
    binary    10429952 bytes, mtime 2026-09-21 21:24:20.733043600 -0400
    mesa      2 DLL(s) staged from /ucrt64/bin (llvmpipe beside the binary)

==> [tests] offline module tests (3 suites, floors enforced)
    tests/golden   1069 passed (floor 69)
    tools          181 passed (floor 86)
    tests/fleet     23 passed (floor 23)
    stage tests ok: 1273 tests in 207s

==> [parity] tests/golden/dump/test_launch_preflight.py: tier-b's environment must produce a developer shell's verdict
    inside and bare shell agree: 8 passed, 0 failed (9s)

==> [goldens] every blessed scenario under goldens/windows-x64 (floor 2)
    001-launch-dock.json: launched (1 engine event(s)), flew 24 ticks, docked (1 engine event(s)); 2 entities, 17 market goods, ends docked
    001-launch-dock    MATCH   40s  port 53530
    001                MATCH   22s  port 53610
    stage goldens ok: 2 scenario(s) in 65s

==> [component] upstream/oolite/tests/component
